[23:37:45] [main/INFO]: Loading Minecraft 1.20.1 with Fabric Loader 0.16.3
[23:37:46] [main/INFO]: Loading 4 mods:
	- fabricloader 0.16.3
	   \-- mixinextras 0.4.1
	- java 17
	- minecraft 1.20.1
[23:37:46] [main/INFO]: SpongePowered MIXIN Subsystem Version=0.8.7 Source=file:/workspaces/MSP-2.0.5/servidor_minecraft/libraries/net/fabricmc/sponge-mixin/0.15.2+mixin.0.8.7/sponge-mixin-0.15.2+mixin.0.8.7.jar Service=Knot/Fabric Env=SERVER
[23:37:55] [main/INFO]: Environment: authHost='https://authserver.mojang.com', accountsHost='https://api.mojang.com', sessionHost='https://sessionserver.mojang.com', servicesHost='https://api.minecraftservices.com', name='PROD'
[23:37:57] [main/INFO]: Loaded 7 recipes
[23:37:58] [main/INFO]: Loaded 1271 advancements
[23:37:58] [Server thread/INFO]: Starting minecraft server version 1.20.1
[23:37:58] [Server thread/INFO]: Loading properties
[23:37:58] [Server thread/INFO]: Default game type: SURVIVAL
[23:37:58] [Server thread/INFO]: Generating keypair
[23:37:58] [Server thread/INFO]: Starting Minecraft server on *:25565
[23:37:59] [Server thread/INFO]: Using epoll channel type
[23:37:59] [Server thread/WARN]: **** SERVER IS RUNNING IN OFFLINE/INSECURE MODE!
[23:37:59] [Server thread/WARN]: The server will make no attempt to authenticate usernames. Beware.
[23:37:59] [Server thread/WARN]: While this makes the game possible to play without internet access, it also opens up the ability for hackers to connect with any username they choose.
[23:37:59] [Server thread/WARN]: To change this, set "online-mode" to "true" in the server.properties file.
[23:37:59] [Server thread/INFO]: Preparing level "world"
[23:38:05] [Server thread/INFO]: Preparing start region for dimension minecraft:overworld
[23:38:10] [Worker-Main-1/INFO]: Preparing spawn area: 0%
[23:38:10] [Worker-Main-1/INFO]: Preparing spawn area: 0%
[23:38:10] [Worker-Main-1/INFO]: Preparing spawn area: 0%
[23:38:10] [Worker-Main-1/INFO]: Preparing spawn area: 0%
[23:38:10] [Worker-Main-1/INFO]: Preparing spawn area: 0%
[23:38:10] [Worker-Main-1/INFO]: Preparing spawn area: 0%
[23:38:10] [Worker-Main-1/INFO]: Preparing spawn area: 0%
[23:38:10] [Worker-Main-1/INFO]: Preparing spawn area: 0%
[23:38:10] [Worker-Main-1/INFO]: Preparing spawn area: 0%
[23:38:10] [Worker-Main-1/INFO]: Preparing spawn area: 0%
[23:38:10] [Worker-Main-1/INFO]: Preparing spawn area: 0%
[23:38:10] [Worker-Main-1/INFO]: Preparing spawn area: 0%
[23:38:11] [Worker-Main-1/INFO]: Preparing spawn area: 0%
[23:38:11] [Worker-Main-1/INFO]: Preparing spawn area: 0%
[23:38:12] [Worker-Main-1/INFO]: Preparing spawn area: 0%
[23:38:12] [Worker-Main-1/INFO]: Preparing spawn area: 0%
[23:38:13] [Worker-Main-1/INFO]: Preparing spawn area: 0%
[23:38:13] [Worker-Main-1/INFO]: Preparing spawn area: 7%
[23:38:14] [Server thread/INFO]: Time elapsed: 8843 ms
[23:38:14] [Server thread/INFO]: Done (14.939s)! For help, type "help"
[23:38:26] [Server thread/INFO]: sta_rxio[/127.68.66.19:51643] logged in with entity id 96 at (-1.5, 96.0, -7.5)
[23:38:26] [Server thread/INFO]: sta_rxio joined the game
[23:39:11] [Server thread/INFO]: MISTERPERERA[/127.87.181.208:39703] logged in with entity id 307 at (1.5, 96.0, -7.5)
[23:39:11] [Server thread/INFO]: MISTERPERERA joined the game
[23:39:56] [Server thread/INFO]: [Not Secure] [Server] Ten cuidado esta el anticheat puesto
[23:40:05] [Server thread/INFO]: Made misterprera a server operator
[23:40:05] [Server thread/INFO]: [Not Secure] <sta_rxio> q
[23:40:19] [Server thread/INFO]: Made MISTERPERERA a server operator
[23:40:29] [Server thread/INFO]: [MISTERPERERA: Set own game mode to Spectator Mode]
[23:40:34] [Server thread/INFO]: [MISTERPERERA: Teleported MISTERPERERA to sta_rxio]
[23:40:51] [Server thread/INFO]: sta_rxio has made the advancement [Stone Age]
[23:40:59] [Server thread/INFO]: sta_rxio has made the advancement [Getting an Upgrade]
[23:42:25] [Server thread/INFO]: [MISTERPERERA: Banned sta_rxio: Banned by an operator.]
[23:42:25] [Server thread/INFO]: sta_rxio lost connection: You are banned from this server
[23:42:25] [Server thread/INFO]: sta_rxio left the game
[23:43:10] [Server thread/INFO]: Disconnecting com.mojang.authlib.GameProfile@743e1f3[id=b8e6d385-e7a8-3fd3-9005-18be9e107c44,name=sta_rxio,properties={},legacy=false] (/127.68.66.19:49409): You are banned from this server.
Reason: Banned by an operator.
[23:43:10] [Server thread/INFO]: com.mojang.authlib.GameProfile@743e1f3[id=b8e6d385-e7a8-3fd3-9005-18be9e107c44,name=sta_rxio,properties={},legacy=false] (/127.68.66.19:49409) lost connection: You are banned from this server.
Reason: Banned by an operator.
[23:43:10] [Server thread/WARN]: handleDisconnection() called twice
[23:43:54] [Server thread/INFO]: Disconnecting com.mojang.authlib.GameProfile@64251c18[id=b8e6d385-e7a8-3fd3-9005-18be9e107c44,name=sta_rxio,properties={},legacy=false] (/127.68.66.19:50257): You are banned from this server.
Reason: Banned by an operator.
[23:43:54] [Server thread/INFO]: com.mojang.authlib.GameProfile@64251c18[id=b8e6d385-e7a8-3fd3-9005-18be9e107c44,name=sta_rxio,properties={},legacy=false] (/127.68.66.19:50257) lost connection: You are banned from this server.
Reason: Banned by an operator.
[23:43:54] [Server thread/WARN]: handleDisconnection() called twice
[23:43:57] [Server thread/INFO]: Disconnecting com.mojang.authlib.GameProfile@4e816014[id=b8e6d385-e7a8-3fd3-9005-18be9e107c44,name=sta_rxio,properties={},legacy=false] (/127.68.66.19:40541): You are banned from this server.
Reason: Banned by an operator.
[23:43:57] [Server thread/INFO]: com.mojang.authlib.GameProfile@4e816014[id=b8e6d385-e7a8-3fd3-9005-18be9e107c44,name=sta_rxio,properties={},legacy=false] (/127.68.66.19:40541) lost connection: You are banned from this server.
Reason: Banned by an operator.
[23:43:57] [Server thread/WARN]: handleDisconnection() called twice
[23:44:20] [Server thread/INFO]: Disconnecting com.mojang.authlib.GameProfile@2afc3c05[id=b8e6d385-e7a8-3fd3-9005-18be9e107c44,name=sta_rxio,properties={},legacy=false] (/127.68.66.19:33007): You are banned from this server.
Reason: Banned by an operator.
[23:44:20] [Server thread/INFO]: com.mojang.authlib.GameProfile@2afc3c05[id=b8e6d385-e7a8-3fd3-9005-18be9e107c44,name=sta_rxio,properties={},legacy=false] (/127.68.66.19:33007) lost connection: You are banned from this server.
Reason: Banned by an operator.
[23:44:20] [Server thread/WARN]: handleDisconnection() called twice
[23:44:23] [Server thread/INFO]: [MISTERPERERA: Unbanned sta_rxio]
[23:44:27] [Server thread/INFO]: sta_rxio[/127.68.66.19:41031] logged in with entity id 1014 at (0.3767302260614518, 72.0, 241.63617886756867)
[23:44:27] [Server thread/INFO]: sta_rxio joined the game
[23:44:35] [Server thread/INFO]: [MISTERPERERA: Teleported MISTERPERERA to sta_rxio]
[23:44:57] [Server thread/INFO]: [MISTERPERERA: Set own game mode to Creative Mode]
[23:45:23] [Server thread/INFO]: [MISTERPERERA: Set own game mode to Spectator Mode]
[23:45:29] [Server thread/INFO]: [MISTERPERERA: Teleported MISTERPERERA to sta_rxio]
[23:46:06] [Server thread/INFO]: [MISTERPERERA: Teleported MISTERPERERA to sta_rxio]
[23:47:31] [Server thread/INFO]: sta_rxio has made the advancement [Acquire Hardware]
[23:47:37] [Server thread/INFO]: sta_rxio has made the advancement [Isn't It Iron Pick]
